whq(_231,s(np(3+plu,np_head(int_det(_231),[],river),[]),verb(be,active,pres+fin,[],pos),[void],[]))
q(s(np(3+sin,name(afghanistan),[]),verb(border,active,pres+fin,[],pos),[arg(dir,np(3+sin,name(china),[]))],[]))
whq(_14290,s(np(3+sin,wh(_14290),[]),verb(be,active,pres+fin,[],pos),[arg(dir,np(3+sin,name(capital),[]))],[pp(prep(of),np(3+sin,name(upper_volta),[]))]))
whq(_24427,s(np(3+sin,name(largest),[]),verb(be,active,pres+fin,[],pos),[arg(dir,np(3+sin,name(country),[]))],[pp(prep(in),np(_24429,np_head(int_det(_24427),[],place),[]))]))
whq(_34673,s(np(3+sin,name(capital),[pp(poss,np(3+sin,np_head(int_det(_34673),[],country),[]))]),verb(be,active,pres+fin,[],pos),[arg(dir,np(3+sin,name(london),[]))],[]))
whq(_44900,s(np(3+plu,np_head(int_det(_44900),[],country),[]),verb(be,active,pres+fin,[],pos),[arg(predicate,adj(european))],[]))
whq(_51220,s(np(3+sin,np_head(det(the(sin)),[sup(most,adj(small)),adj(american)],country),[]),verb(be,active,pres+fin,[],pos),[arg(predicate,value(adj(large),wh(_51220)))],[]))
whq(_76683,s(np(3+sin,wh(_76683),[]),verb(be,active,pres+fin,[],pos),[arg(dir,np(3+sin,np_head(det(the(sin)),[],ocean),[conj(and,rel(_84484,s(np(3+sin,wh(_84484),[]),verb(border,active,pres+fin,[],pos),[arg(dir,np(3+plu,np_head(generic,[adj(african)],country),[]))],[])),rel(_85782,s(np(3+sin,wh(_85782),[]),verb(border,active,pres+fin,[],pos),[arg(dir,np(3+plu,np_head(generic,[adj(asian)],country),[]))],[])))]))],[]))
whq(_104883,s(np(3+plu,wh(_104883),[]),verb(be,active,pres+fin,[],pos),[arg(dir,np(3+sin,name(capitals),[]))],[pp(prep(of),np(3+plu,np_head(det(the(plu)),[],country),[reduced_rel(_105811,s(np(3+plu,wh(_105811),[]),verb(border,active,inf,[prog],pos),[arg(dir,np(3+sin,name(baltic),[]))],[]))]))]))
whq(_121674,s(np(3+plu,np_head(int_det(_121674),[],country),[]),verb(border,passive,pres+fin,[],pos),[],[pp(prep(by),np(3+plu,np_head(quant(same,nb(2)),[],sea),[]))]))
whq(_138837,s(np(3+sin,name(the),[]),verb(do,active,pres+fin,[],pos),[arg(ind,np(3+sin,name(danube),[])),arg(dir,np(3+sin,name(flow),[]))],[pp(prep(through),np(3+plu,np_head(quant(same,wh(_138837)),[],country),[]))]))
whq(_189300,s(np(3+sin,wh(_189300),[]),verb(be,active,pres+fin,[],pos),[arg(dir,np(3+sin,np_head(det(the(sin)),[adj(total)],area),[pp(prep(of),np(3+sin,name(countries),[])),conj(and,reduced_rel(_190127,s(np(3+sin,wh(_190127),[]),verb(be,active,pres+fin,[],pos),[arg(predicate,pp(prep(southof),np(3+sin,name(equator),[])))],[])),reduced_rel(_192459,s(np(3+sin,wh(_192459),[]),verb(be,active,pres+fin,[],neg),[arg(predicate,pp(prep(in),np(3+sin,name(australasia),[])))],[])))]))],[]))
whq(_251631,s(np(3+sin,wh(_251631),[]),verb(be,active,pres+fin,[],pos),[arg(dir,np(3+sin,np_head(det(the(sin)),[adj(average)],area),[pp(prep(of),np(3+sin,name(countries),[])),pp(prep(in),np(3+sin,np_head(det(each),[],continent),[]))]))],[]))
q(s(there,verb(be,active,pres+fin,[],pos),[arg(dir,np(3+sin,np_head(quant(more,nb(1)),[],country),[pp(prep(in),np(3+sin,np_head(det(each),[],continent),[]))]))],[]))
q(s(there,verb(be,active,pres+fin,[],pos),[arg(dir,np(3+sin,np_head(det(some),[],ocean),[rel(_301322,s(np(3+sin,wh(_301322),[]),verb(border,active,pres+fin,[],neg),[arg(dir,np(3+sin,np_head(det(any),[],country),[]))],[]))]))],[]))
whq(_312995,s(np(3+plu,wh(_312995),[]),verb(be,active,pres+fin,[],pos),[arg(dir,np(3+plu,np_head(det(the(plu)),[],country),[rel(_317435,s(np(3+sin,np_head(det(a),[],river),[]),verb(flow,active,pres+fin,[],pos),[],[pp(prep(from),np(3+plu,wh(_317435),[])),pp(prep(into),np(3+sin,name(black_sea),[]))]))]))],[]))
