whq(_231,s(np(3+plu,np_head(int_det(_231),[],river),[]),verb(be,active,pres+fin,[],pos),[void],[]))
q(s(np(3+sin,name(afghanistan),[]),verb(border,active,pres+fin,[],pos),[arg(dir,np(3+sin,name(china),[]))],[]))
whq(_13873,s(np(3+sin,wh(_13873),[]),verb(be,active,pres+fin,[],pos),[arg(dir,np(3+sin,name(capital),[]))],[pp(prep(of),np(3+sin,name(upper_volta),[]))]))
whq(_23653,s(np(3+sin,name(largest),[]),verb(be,active,pres+fin,[],pos),[arg(dir,np(3+sin,name(country),[]))],[pp(prep(in),np(_23655,np_head(int_det(_23653),[],place),[]))]))
whq(_33530,s(np(3+sin,name(capital),[pp(poss,np(3+sin,np_head(int_det(_33530),[],country),[]))]),verb(be,active,pres+fin,[],pos),[arg(dir,np(3+sin,name(london),[]))],[]))
whq(_43418,s(np(3+plu,np_head(int_det(_43418),[],country),[]),verb(be,active,pres+fin,[],pos),[arg(predicate,adj(european))],[]))
whq(_49501,s(np(3+sin,np_head(det(the(sin)),[sup(most,adj(small)),adj(american)],country),[]),verb(be,active,pres+fin,[],pos),[arg(predicate,value(adj(large),wh(_49501)))],[]))
whq(_74502,s(np(3+sin,wh(_74502),[]),verb(be,active,pres+fin,[],pos),[arg(dir,np(3+sin,np_head(det(the(sin)),[],ocean),[conj(and,rel(_82303,s(np(3+sin,wh(_82303),[]),verb(border,active,pres+fin,[],pos),[arg(dir,np(3+plu,np_head(generic,[adj(african)],country),[]))],[])),rel(_83601,s(np(3+sin,wh(_83601),[]),verb(border,active,pres+fin,[],pos),[arg(dir,np(3+plu,np_head(generic,[adj(asian)],country),[]))],[])))]))],[]))
whq(_101910,s(np(3+plu,wh(_101910),[]),verb(be,active,pres+fin,[],pos),[arg(dir,np(3+sin,name(capitals),[]))],[pp(prep(of),np(3+plu,np_head(det(the(plu)),[],country),[reduced_rel(_102838,s(np(3+plu,wh(_102838),[]),verb(border,active,inf,[prog],pos),[arg(dir,np(3+sin,name(baltic),[]))],[]))]))]))
whq(_118071,s(np(3+plu,np_head(int_det(_118071),[],country),[]),verb(border,passive,pres+fin,[],pos),[],[pp(prep(by),np(3+plu,np_head(quant(same,nb(2)),[],sea),[]))]))
whq(_134901,s(np(3+sin,name(the),[]),verb(do,active,pres+fin,[],pos),[arg(ind,np(3+sin,name(danube),[])),arg(dir,np(3+sin,name(flow),[]))],[pp(prep(through),np(3+plu,np_head(quant(same,wh(_134901)),[],country),[]))]))
whq(_184857,s(np(3+sin,wh(_184857),[]),verb(be,active,pres+fin,[],pos),[arg(dir,np(3+sin,np_head(det(the(sin)),[adj(total)],area),[pp(prep(of),np(3+sin,name(countries),[])),conj(and,reduced_rel(_185684,s(np(3+sin,wh(_185684),[]),verb(be,active,pres+fin,[],pos),[arg(predicate,pp(prep(southof),np(3+sin,name(equator),[])))],[])),reduced_rel(_188016,s(np(3+sin,wh(_188016),[]),verb(be,active,pres+fin,[],neg),[arg(predicate,pp(prep(in),np(3+sin,name(australasia),[])))],[])))]))],[]))
whq(_246120,s(np(3+sin,wh(_246120),[]),verb(be,active,pres+fin,[],pos),[arg(dir,np(3+sin,np_head(det(the(sin)),[adj(average)],area),[pp(prep(of),np(3+sin,name(countries),[])),pp(prep(in),np(3+sin,np_head(det(each),[],continent),[]))]))],[]))
q(s(there,verb(be,active,pres+fin,[],pos),[arg(dir,np(3+sin,np_head(quant(more,nb(1)),[],country),[pp(prep(in),np(3+sin,np_head(det(each),[],continent),[]))]))],[]))
q(s(there,verb(be,active,pres+fin,[],pos),[arg(dir,np(3+sin,np_head(det(some),[],ocean),[rel(_294827,s(np(3+sin,wh(_294827),[]),verb(border,active,pres+fin,[],neg),[arg(dir,np(3+sin,np_head(det(any),[],country),[]))],[]))]))],[]))
whq(_306038,s(np(3+plu,wh(_306038),[]),verb(be,active,pres+fin,[],pos),[arg(dir,np(3+plu,np_head(det(the(plu)),[],country),[rel(_310478,s(np(3+sin,np_head(det(a),[],river),[]),verb(flow,active,pres+fin,[],pos),[],[pp(prep(from),np(3+plu,wh(_310478),[])),pp(prep(into),np(3+sin,name(black_sea),[]))]))]))],[]))
