whq(_269,s(np(3+plu,np_head(int_det(_269),[],river),[]),verb(be,active,pres+fin,[],pos),[void],[]))
q(s(np(3+sin,name(afghanistan),[]),verb(border,active,pres+fin,[],pos),[arg(dir,np(3+sin,name(china),[]))],[]))
whq(_13724,s(np(3+sin,wh(_13724),[]),verb(be,active,pres+fin,[],pos),[arg(dir,np(3+sin,name(capital),[]))],[pp(prep(of),np(3+sin,name(upper_volta),[]))]))
whq(_23281,s(np(3+sin,name(largest),[]),verb(be,active,pres+fin,[],pos),[arg(dir,np(3+sin,name(country),[]))],[pp(prep(in),np(_23283,np_head(int_det(_23281),[],place),[]))]))
whq(_32804,s(np(3+sin,name(capital),[pp(poss,np(3+sin,np_head(int_det(_32804),[],country),[]))]),verb(be,active,pres+fin,[],pos),[arg(dir,np(3+sin,name(london),[]))],[]))
whq(_42356,s(np(3+plu,np_head(int_det(_42356),[],country),[]),verb(be,active,pres+fin,[],pos),[arg(predicate,adj(european))],[]))
whq(_48226,s(np(3+sin,np_head(det(the(sin)),[sup(most,adj(small)),adj(american)],country),[]),verb(be,active,pres+fin,[],pos),[arg(predicate,value(adj(large),wh(_48226)))],[]))
whq(_73036,s(np(3+sin,wh(_73036),[]),verb(be,active,pres+fin,[],pos),[arg(dir,np(3+sin,np_head(det(the(sin)),[],ocean),[conj(and,rel(_80969,s(np(3+sin,wh(_80969),[]),verb(border,active,pres+fin,[],pos),[arg(dir,np(3+plu,np_head(generic,[adj(african)],country),[]))],[])),rel(_82284,s(np(3+sin,wh(_82284),[]),verb(border,active,pres+fin,[],pos),[arg(dir,np(3+plu,np_head(generic,[adj(asian)],country),[]))],[])))]))],[]))
whq(_99599,s(np(3+plu,wh(_99599),[]),verb(be,active,pres+fin,[],pos),[arg(dir,np(3+sin,name(capitals),[]))],[pp(prep(of),np(3+plu,np_head(det(the(plu)),[],country),[reduced_rel(_100640,s(np(3+plu,wh(_100640),[]),verb(border,active,inf,[prog],pos),[arg(dir,np(3+sin,name(baltic),[]))],[]))]))]))
whq(_115140,s(np(3+plu,np_head(int_det(_115140),[],country),[]),verb(border,passive,pres+fin,[],pos),[],[pp(prep(by),np(3+plu,np_head(quant(same,nb(2)),[],sea),[]))]))
whq(_131742,s(np(3+sin,name(the),[]),verb(do,active,pres+fin,[],pos),[arg(ind,np(3+sin,name(danube),[])),arg(dir,np(3+sin,name(flow),[]))],[pp(prep(through),np(3+plu,np_head(quant(same,wh(_131742)),[],country),[]))]))
whq(_181540,s(np(3+sin,wh(_181540),[]),verb(be,active,pres+fin,[],pos),[arg(dir,np(3+sin,np_head(det(the(sin)),[adj(total)],area),[pp(prep(of),np(3+sin,name(countries),[])),conj(and,reduced_rel(_182462,s(np(3+sin,wh(_182462),[]),verb(be,active,pres+fin,[],pos),[arg(predicate,pp(prep(southof),np(3+sin,name(equator),[])))],[])),reduced_rel(_184818,s(np(3+sin,wh(_184818),[]),verb(be,active,pres+fin,[],neg),[arg(predicate,pp(prep(in),np(3+sin,name(australasia),[])))],[])))]))],[]))
whq(_242111,s(np(3+sin,wh(_242111),[]),verb(be,active,pres+fin,[],pos),[arg(dir,np(3+sin,np_head(det(the(sin)),[adj(average)],area),[pp(prep(of),np(3+sin,name(countries),[])),pp(prep(in),np(3+sin,np_head(det(each),[],continent),[]))]))],[]))
q(s(there,verb(be,active,pres+fin,[],pos),[arg(dir,np(3+sin,np_head(quant(more,nb(1)),[],country),[pp(prep(in),np(3+sin,np_head(det(each),[],continent),[]))]))],[]))
q(s(there,verb(be,active,pres+fin,[],pos),[arg(dir,np(3+sin,np_head(det(some),[],ocean),[rel(_290212,s(np(3+sin,wh(_290212),[]),verb(border,active,pres+fin,[],neg),[arg(dir,np(3+sin,np_head(det(any),[],country),[]))],[]))]))],[]))
whq(_300879,s(np(3+plu,wh(_300879),[]),verb(be,active,pres+fin,[],pos),[arg(dir,np(3+plu,np_head(det(the(plu)),[],country),[rel(_305506,s(np(3+sin,np_head(det(a),[],river),[]),verb(flow,active,pres+fin,[],pos),[],[pp(prep(from),np(3+plu,wh(_305506),[])),pp(prep(into),np(3+sin,name(black_sea),[]))]))]))],[]))
